// Jest Snapshot v1, https://goo.gl/fbAQLP

exports[`Pruebas de <GiftGridItem /> Debe mostrar el componente correctamente 1`] = `
<div
  className="card animate__animated animate__fadeIn animate__slow"
>
  <img
    alt="Un titulo"
    src="https://localhost/algo.jpg"
  />
  <p>
    Un titulo
  </p>
</div>
`;
